attempt=m4-four-config-serving-repro-39739e0-20260813-r3 phase=confirmatory total=144 pending_this_invocation=144
starting allocation=full samples=36
running sample=full__random__r30__s11 prompts=1800
completed sample=full__random__r30__s11 status=completed_validated
running sample=full__random__r30__s23 prompts=1800
completed sample=full__random__r30__s23 status=completed_validated
running sample=full__random__r30__s47 prompts=1800
completed sample=full__random__r30__s47 status=completed_validated
running sample=full__random__r35__s11 prompts=2100
completed sample=full__random__r35__s11 status=completed_validated
running sample=full__random__r35__s23 prompts=2100
completed sample=full__random__r35__s23 status=completed_validated
running sample=full__random__r35__s47 prompts=2100
completed sample=full__random__r35__s47 status=completed_validated
running sample=full__random__r40__s11 prompts=2400
completed sample=full__random__r40__s11 status=completed_validated
running sample=full__random__r40__s23 prompts=2400
completed sample=full__random__r40__s23 status=completed_validated
running sample=full__random__r40__s47 prompts=2400
completed sample=full__random__r40__s47 status=completed_validated
running sample=full__random__r45__s11 prompts=2700
completed sample=full__random__r45__s11 status=completed_validated
running sample=full__random__r45__s23 prompts=2700
completed sample=full__random__r45__s23 status=completed_validated
running sample=full__random__r45__s47 prompts=2700
completed sample=full__random__r45__s47 status=completed_validated
running sample=full__random__r50__s11 prompts=3000
completed sample=full__random__r50__s11 status=completed_validated
running sample=full__random__r50__s23 prompts=3000
completed sample=full__random__r50__s23 status=completed_validated
running sample=full__random__r50__s47 prompts=3000
completed sample=full__random__r50__s47 status=completed_validated
running sample=full__sharegpt__r20__s11 prompts=1200
completed sample=full__sharegpt__r20__s11 status=completed_validated
running sample=full__sharegpt__r20__s23 prompts=1200
completed sample=full__sharegpt__r20__s23 status=completed_validated
running sample=full__sharegpt__r20__s47 prompts=1200
completed sample=full__sharegpt__r20__s47 status=completed_validated
running sample=full__sharegpt__r25__s11 prompts=1500
completed sample=full__sharegpt__r25__s11 status=completed_validated
running sample=full__sharegpt__r25__s23 prompts=1500
completed sample=full__sharegpt__r25__s23 status=completed_validated
running sample=full__sharegpt__r25__s47 prompts=1500
completed sample=full__sharegpt__r25__s47 status=completed_validated
running sample=full__sharegpt__r30__s11 prompts=1800
completed sample=full__sharegpt__r30__s11 status=completed_validated
running sample=full__sharegpt__r30__s23 prompts=1800
completed sample=full__sharegpt__r30__s23 status=completed_validated
running sample=full__sharegpt__r30__s47 prompts=1800
completed sample=full__sharegpt__r30__s47 status=completed_validated
running sample=full__sharegpt__r35__s11 prompts=2100
completed sample=full__sharegpt__r35__s11 status=completed_validated
running sample=full__sharegpt__r35__s23 prompts=2100
completed sample=full__sharegpt__r35__s23 status=completed_validated
running sample=full__sharegpt__r35__s47 prompts=2100
completed sample=full__sharegpt__r35__s47 status=completed_validated
running sample=full__sharegpt__r40__s11 prompts=2400
completed sample=full__sharegpt__r40__s11 status=completed_validated
running sample=full__sharegpt__r40__s23 prompts=2400
completed sample=full__sharegpt__r40__s23 status=completed_validated
running sample=full__sharegpt__r40__s47 prompts=2400
completed sample=full__sharegpt__r40__s47 status=completed_validated
running sample=full__sharegpt__r45__s11 prompts=2700
completed sample=full__sharegpt__r45__s11 status=completed_validated
running sample=full__sharegpt__r45__s23 prompts=2700
completed sample=full__sharegpt__r45__s23 status=completed_validated
running sample=full__sharegpt__r45__s47 prompts=2700
completed sample=full__sharegpt__r45__s47 status=completed_validated
running sample=full__sharegpt__r50__s11 prompts=3000
completed sample=full__sharegpt__r50__s11 status=completed_validated
running sample=full__sharegpt__r50__s23 prompts=3000
completed sample=full__sharegpt__r50__s23 status=completed_validated
running sample=full__sharegpt__r50__s47 prompts=3000
completed sample=full__sharegpt__r50__s47 status=completed_validated
starting allocation=kv_only samples=36
running sample=kv_only__random__r30__s11 prompts=1800
completed sample=kv_only__random__r30__s11 status=completed_validated
running sample=kv_only__random__r30__s23 prompts=1800
completed sample=kv_only__random__r30__s23 status=completed_validated
running sample=kv_only__random__r30__s47 prompts=1800
completed sample=kv_only__random__r30__s47 status=completed_validated
running sample=kv_only__random__r35__s11 prompts=2100
completed sample=kv_only__random__r35__s11 status=completed_validated
running sample=kv_only__random__r35__s23 prompts=2100
completed sample=kv_only__random__r35__s23 status=completed_validated
running sample=kv_only__random__r35__s47 prompts=2100
completed sample=kv_only__random__r35__s47 status=completed_validated
running sample=kv_only__random__r40__s11 prompts=2400
completed sample=kv_only__random__r40__s11 status=completed_validated
running sample=kv_only__random__r40__s23 prompts=2400
completed sample=kv_only__random__r40__s23 status=completed_validated
running sample=kv_only__random__r40__s47 prompts=2400
completed sample=kv_only__random__r40__s47 status=completed_validated
running sample=kv_only__random__r45__s11 prompts=2700
completed sample=kv_only__random__r45__s11 status=completed_validated
running sample=kv_only__random__r45__s23 prompts=2700
completed sample=kv_only__random__r45__s23 status=completed_validated
running sample=kv_only__random__r45__s47 prompts=2700
completed sample=kv_only__random__r45__s47 status=completed_validated
running sample=kv_only__random__r50__s11 prompts=3000
completed sample=kv_only__random__r50__s11 status=completed_validated
running sample=kv_only__random__r50__s23 prompts=3000
completed sample=kv_only__random__r50__s23 status=completed_validated
running sample=kv_only__random__r50__s47 prompts=3000
completed sample=kv_only__random__r50__s47 status=completed_validated
running sample=kv_only__sharegpt__r20__s11 prompts=1200
completed sample=kv_only__sharegpt__r20__s11 status=completed_validated
running sample=kv_only__sharegpt__r20__s23 prompts=1200
completed sample=kv_only__sharegpt__r20__s23 status=completed_validated
running sample=kv_only__sharegpt__r20__s47 prompts=1200
completed sample=kv_only__sharegpt__r20__s47 status=completed_validated
running sample=kv_only__sharegpt__r25__s11 prompts=1500
completed sample=kv_only__sharegpt__r25__s11 status=completed_validated
running sample=kv_only__sharegpt__r25__s23 prompts=1500
completed sample=kv_only__sharegpt__r25__s23 status=completed_validated
running sample=kv_only__sharegpt__r25__s47 prompts=1500
completed sample=kv_only__sharegpt__r25__s47 status=completed_validated
running sample=kv_only__sharegpt__r30__s11 prompts=1800
completed sample=kv_only__sharegpt__r30__s11 status=completed_validated
running sample=kv_only__sharegpt__r30__s23 prompts=1800
completed sample=kv_only__sharegpt__r30__s23 status=completed_validated
running sample=kv_only__sharegpt__r30__s47 prompts=1800
completed sample=kv_only__sharegpt__r30__s47 status=completed_validated
running sample=kv_only__sharegpt__r35__s11 prompts=2100
completed sample=kv_only__sharegpt__r35__s11 status=completed_validated
running sample=kv_only__sharegpt__r35__s23 prompts=2100
completed sample=kv_only__sharegpt__r35__s23 status=completed_validated
running sample=kv_only__sharegpt__r35__s47 prompts=2100
completed sample=kv_only__sharegpt__r35__s47 status=completed_validated
running sample=kv_only__sharegpt__r40__s11 prompts=2400
completed sample=kv_only__sharegpt__r40__s11 status=completed_validated
running sample=kv_only__sharegpt__r40__s23 prompts=2400
completed sample=kv_only__sharegpt__r40__s23 status=completed_validated
running sample=kv_only__sharegpt__r40__s47 prompts=2400
completed sample=kv_only__sharegpt__r40__s47 status=completed_validated
running sample=kv_only__sharegpt__r45__s11 prompts=2700
completed sample=kv_only__sharegpt__r45__s11 status=completed_validated
running sample=kv_only__sharegpt__r45__s23 prompts=2700
completed sample=kv_only__sharegpt__r45__s23 status=completed_validated
running sample=kv_only__sharegpt__r45__s47 prompts=2700
completed sample=kv_only__sharegpt__r45__s47 status=completed_validated
running sample=kv_only__sharegpt__r50__s11 prompts=3000
completed sample=kv_only__sharegpt__r50__s11 status=completed_validated
running sample=kv_only__sharegpt__r50__s23 prompts=3000
completed sample=kv_only__sharegpt__r50__s23 status=completed_validated
running sample=kv_only__sharegpt__r50__s47 prompts=3000
completed sample=kv_only__sharegpt__r50__s47 status=completed_validated
starting allocation=state_only samples=36
running sample=state_only__random__r30__s11 prompts=1800
completed sample=state_only__random__r30__s11 status=completed_validated
running sample=state_only__random__r30__s23 prompts=1800
completed sample=state_only__random__r30__s23 status=completed_validated
running sample=state_only__random__r30__s47 prompts=1800
completed sample=state_only__random__r30__s47 status=completed_validated
running sample=state_only__random__r35__s11 prompts=2100
completed sample=state_only__random__r35__s11 status=completed_validated
running sample=state_only__random__r35__s23 prompts=2100
completed sample=state_only__random__r35__s23 status=completed_validated
running sample=state_only__random__r35__s47 prompts=2100
completed sample=state_only__random__r35__s47 status=completed_validated
running sample=state_only__random__r40__s11 prompts=2400
completed sample=state_only__random__r40__s11 status=completed_validated
running sample=state_only__random__r40__s23 prompts=2400
completed sample=state_only__random__r40__s23 status=completed_validated
running sample=state_only__random__r40__s47 prompts=2400
completed sample=state_only__random__r40__s47 status=completed_validated
running sample=state_only__random__r45__s11 prompts=2700
completed sample=state_only__random__r45__s11 status=completed_validated
running sample=state_only__random__r45__s23 prompts=2700
completed sample=state_only__random__r45__s23 status=completed_validated
running sample=state_only__random__r45__s47 prompts=2700
completed sample=state_only__random__r45__s47 status=completed_validated
running sample=state_only__random__r50__s11 prompts=3000
completed sample=state_only__random__r50__s11 status=completed_validated
running sample=state_only__random__r50__s23 prompts=3000
completed sample=state_only__random__r50__s23 status=completed_validated
running sample=state_only__random__r50__s47 prompts=3000
completed sample=state_only__random__r50__s47 status=completed_validated
running sample=state_only__sharegpt__r20__s11 prompts=1200
completed sample=state_only__sharegpt__r20__s11 status=completed_validated
running sample=state_only__sharegpt__r20__s23 prompts=1200
completed sample=state_only__sharegpt__r20__s23 status=completed_validated
running sample=state_only__sharegpt__r20__s47 prompts=1200
completed sample=state_only__sharegpt__r20__s47 status=completed_validated
running sample=state_only__sharegpt__r25__s11 prompts=1500
completed sample=state_only__sharegpt__r25__s11 status=completed_validated
running sample=state_only__sharegpt__r25__s23 prompts=1500
completed sample=state_only__sharegpt__r25__s23 status=completed_validated
running sample=state_only__sharegpt__r25__s47 prompts=1500
completed sample=state_only__sharegpt__r25__s47 status=completed_validated
running sample=state_only__sharegpt__r30__s11 prompts=1800
completed sample=state_only__sharegpt__r30__s11 status=completed_validated
running sample=state_only__sharegpt__r30__s23 prompts=1800
completed sample=state_only__sharegpt__r30__s23 status=completed_validated
running sample=state_only__sharegpt__r30__s47 prompts=1800
completed sample=state_only__sharegpt__r30__s47 status=completed_validated
running sample=state_only__sharegpt__r35__s11 prompts=2100
completed sample=state_only__sharegpt__r35__s11 status=completed_validated
running sample=state_only__sharegpt__r35__s23 prompts=2100
completed sample=state_only__sharegpt__r35__s23 status=completed_validated
running sample=state_only__sharegpt__r35__s47 prompts=2100
completed sample=state_only__sharegpt__r35__s47 status=completed_validated
running sample=state_only__sharegpt__r40__s11 prompts=2400
completed sample=state_only__sharegpt__r40__s11 status=completed_validated
running sample=state_only__sharegpt__r40__s23 prompts=2400
completed sample=state_only__sharegpt__r40__s23 status=completed_validated
running sample=state_only__sharegpt__r40__s47 prompts=2400
completed sample=state_only__sharegpt__r40__s47 status=completed_validated
running sample=state_only__sharegpt__r45__s11 prompts=2700
completed sample=state_only__sharegpt__r45__s11 status=completed_validated
running sample=state_only__sharegpt__r45__s23 prompts=2700
completed sample=state_only__sharegpt__r45__s23 status=completed_validated
running sample=state_only__sharegpt__r45__s47 prompts=2700
completed sample=state_only__sharegpt__r45__s47 status=completed_validated
running sample=state_only__sharegpt__r50__s11 prompts=3000
completed sample=state_only__sharegpt__r50__s11 status=completed_validated
running sample=state_only__sharegpt__r50__s23 prompts=3000
completed sample=state_only__sharegpt__r50__s23 status=completed_validated
running sample=state_only__sharegpt__r50__s47 prompts=3000
completed sample=state_only__sharegpt__r50__s47 status=completed_validated
starting allocation=joint samples=36
running sample=joint__random__r30__s11 prompts=1800
completed sample=joint__random__r30__s11 status=completed_validated
running sample=joint__random__r30__s23 prompts=1800
completed sample=joint__random__r30__s23 status=completed_validated
running sample=joint__random__r30__s47 prompts=1800
completed sample=joint__random__r30__s47 status=completed_validated
running sample=joint__random__r35__s11 prompts=2100
completed sample=joint__random__r35__s11 status=completed_validated
running sample=joint__random__r35__s23 prompts=2100
completed sample=joint__random__r35__s23 status=completed_validated
running sample=joint__random__r35__s47 prompts=2100
completed sample=joint__random__r35__s47 status=completed_validated
running sample=joint__random__r40__s11 prompts=2400
completed sample=joint__random__r40__s11 status=completed_validated
running sample=joint__random__r40__s23 prompts=2400
completed sample=joint__random__r40__s23 status=completed_validated
running sample=joint__random__r40__s47 prompts=2400
completed sample=joint__random__r40__s47 status=completed_validated
running sample=joint__random__r45__s11 prompts=2700
completed sample=joint__random__r45__s11 status=completed_validated
running sample=joint__random__r45__s23 prompts=2700
completed sample=joint__random__r45__s23 status=completed_validated
running sample=joint__random__r45__s47 prompts=2700
completed sample=joint__random__r45__s47 status=completed_validated
running sample=joint__random__r50__s11 prompts=3000
completed sample=joint__random__r50__s11 status=completed_validated
running sample=joint__random__r50__s23 prompts=3000
completed sample=joint__random__r50__s23 status=completed_validated
running sample=joint__random__r50__s47 prompts=3000
completed sample=joint__random__r50__s47 status=completed_validated
running sample=joint__sharegpt__r20__s11 prompts=1200
completed sample=joint__sharegpt__r20__s11 status=completed_validated
running sample=joint__sharegpt__r20__s23 prompts=1200
completed sample=joint__sharegpt__r20__s23 status=completed_validated
running sample=joint__sharegpt__r20__s47 prompts=1200
completed sample=joint__sharegpt__r20__s47 status=completed_validated
running sample=joint__sharegpt__r25__s11 prompts=1500
completed sample=joint__sharegpt__r25__s11 status=completed_validated
running sample=joint__sharegpt__r25__s23 prompts=1500
completed sample=joint__sharegpt__r25__s23 status=completed_validated
running sample=joint__sharegpt__r25__s47 prompts=1500
completed sample=joint__sharegpt__r25__s47 status=completed_validated
running sample=joint__sharegpt__r30__s11 prompts=1800
completed sample=joint__sharegpt__r30__s11 status=completed_validated
running sample=joint__sharegpt__r30__s23 prompts=1800
completed sample=joint__sharegpt__r30__s23 status=completed_validated
running sample=joint__sharegpt__r30__s47 prompts=1800
completed sample=joint__sharegpt__r30__s47 status=completed_validated
running sample=joint__sharegpt__r35__s11 prompts=2100
completed sample=joint__sharegpt__r35__s11 status=completed_validated
running sample=joint__sharegpt__r35__s23 prompts=2100
completed sample=joint__sharegpt__r35__s23 status=completed_validated
running sample=joint__sharegpt__r35__s47 prompts=2100
completed sample=joint__sharegpt__r35__s47 status=completed_validated
running sample=joint__sharegpt__r40__s11 prompts=2400
completed sample=joint__sharegpt__r40__s11 status=completed_validated
running sample=joint__sharegpt__r40__s23 prompts=2400
completed sample=joint__sharegpt__r40__s23 status=completed_validated
running sample=joint__sharegpt__r40__s47 prompts=2400
completed sample=joint__sharegpt__r40__s47 status=completed_validated
running sample=joint__sharegpt__r45__s11 prompts=2700
completed sample=joint__sharegpt__r45__s11 status=completed_validated
running sample=joint__sharegpt__r45__s23 prompts=2700
completed sample=joint__sharegpt__r45__s23 status=completed_validated
running sample=joint__sharegpt__r45__s47 prompts=2700
completed sample=joint__sharegpt__r45__s47 status=completed_validated
running sample=joint__sharegpt__r50__s11 prompts=3000
completed sample=joint__sharegpt__r50__s11 status=completed_validated
running sample=joint__sharegpt__r50__s23 prompts=3000
completed sample=joint__sharegpt__r50__s23 status=completed_validated
running sample=joint__sharegpt__r50__s47 prompts=3000
completed sample=joint__sharegpt__r50__s47 status=completed_validated
{"completed_validated": 144}
